[Licensing::Module] Trying to connect to existing licensing client channel...
Built from '6000.3/staging' branch; Version is '6000.3.10f1 (e35f0c77bd8e) revision 14901004'; Using compiler version '194234433'; Build Type 'Release'
[Licensing::IpcConnector] Successfully connected to: "LicenseClient-chang" at "2026-04-10T09:39:59.1792581Z"
OS: 'Windows 11  (10.0.26200) Core' Language: 'ko' Physical Memory: 32612 MB
BatchMode: 1, IsHumanControllingUs: 0, StartBugReporterOnCrash: 0, Is64bit: 1
System  architecture: x64
Process architecture: x64
Date: 2026-04-10T09:39:59Z

COMMAND LINE ARGUMENTS:
C:\Program Files\Unity\Hub\Editor\6000.3.10f1\Editor\Unity.exe
-batchmode
-nographics
-projectPath
D:\새 폴더\Projeect_A.E\Projeect_A.E
-executeMethod
Phase1CLI.ExecuteAll
-quit
-logFile
unity_setup.log
Successfully changed project path to: D:\새 폴더\Projeect_A.E\Projeect_A.E
D:/새 폴더/Projeect_A.E/Projeect_A.E
Exiting without the bug reporter. Application will terminate with return code 1