13.19 Idle clip=WaterSpirit_Idle_S1 nt=6.33 ai=IdleState clones=0 active=True hp=1000 pos=73.37,-85.16
13.25 Idle clip=WaterSpirit_Idle_S1 nt=6.36 ai=ChaseState clones=0 active=True hp=1000 pos=73.37,-85.16
13.29 Idle clip=WaterSpirit_Idle_S1 nt=6.38 ai=SpiritCombatState clones=0 active=True hp=1000 pos=73.37,-85.16
13.34 Charge clip=WaterSpirit_Charge_S1 nt=0.00 ai=SpiritCombatState clones=0 active=True hp=1000 pos=76.54,-79.76
14.36 Charge clip=WaterSpirit_Charge_S1 nt=0.94 ai=SpiritCombatState clones=0 active=True hp=1000 pos=75.51,-85.42
14.45 Idle clip=WaterSpirit_Idle_S1 nt=0.01 ai=SpiritCombatState clones=0 active=True hp=1000 pos=75.30,-86.60
14.48 Move clip=WaterSpirit_Move_S1 nt=0.00 ai=SpiritCombatState clones=0 active=True hp=1000 pos=75.21,-87.08
14.52 Idle clip=WaterSpirit_Idle_S1 nt=0.00 ai=SpiritCombatState clones=0 active=True hp=1000 pos=75.21,-87.08
15.55 Idle clip=WaterSpirit_Idle_S1 nt=0.50 ai=SpiritCombatState clones=0 active=True hp=1000 pos=75.21,-87.08
16.36 Ranged clip=WaterSpirit_Ranged_S1 nt=0.00 ai=SpiritCombatState clones=0 active=True hp=1000 pos=89.13,-90.86
17.39 Ranged clip=WaterSpirit_Ranged_S1 nt=0.49 ai=SpiritCombatState clones=0 active=True hp=1000 pos=89.13,-90.86
18.39 Ranged clip=WaterSpirit_Ranged_S1 nt=0.98 ai=SpiritCombatState clones=0 active=True hp=1000 pos=89.13,-90.86
18.46 Idle clip=WaterSpirit_Idle_S1 nt=0.01 ai=SpiritCombatState clones=0 active=True hp=1000 pos=89.13,-90.86
19.50 Idle clip=WaterSpirit_Idle_S1 nt=0.50 ai=SpiritCombatState clones=0 active=True hp=1000 pos=89.13,-90.86
20.31 Idle clip=WaterSpirit_Idle_S2 nt=0.90 ai=Stage2CombatState clones=2 active=True hp=500 pos=89.13,-90.86 T:Clone T:Hit
20.37 Clone clip=WaterSpirit_Clone_S2 nt=0.00 ai=Stage2CombatState clones=2 active=True hp=500 pos=89.13,-90.86 T:Hit
20.38 Hit clip=WaterSpirit_Hit_S2 nt=0.00 ai=Stage2CombatState clones=2 active=True hp=500 pos=89.13,-90.86
21.22 Idle clip=WaterSpirit_Idle_S2 nt=0.00 ai=Stage2CombatState clones=2 active=True hp=500 pos=89.13,-90.86
21.49 Charge clip=WaterSpirit_Charge_S2 nt=0.00 ai=Stage2CombatState clones=2 active=True hp=500 pos=94.67,-91.71
22.53 Charge clip=WaterSpirit_Charge_S2 nt=0.96 ai=Stage2CombatState clones=2 active=True hp=500 pos=89.53,-90.49
22.60 Idle clip=WaterSpirit_Idle_S2 nt=0.01 ai=Stage2CombatState clones=2 active=True hp=500 pos=89.53,-90.49
23.62 Idle clip=WaterSpirit_Idle_S2 nt=0.50 ai=Stage2CombatState clones=2 active=True hp=500 pos=89.53,-90.49
24.51 Ranged clip=WaterSpirit_Ranged_S2 nt=0.00 ai=Stage2CombatState clones=2 active=True hp=500 pos=79.92,-88.45
25.54 Ranged clip=WaterSpirit_Ranged_S2 nt=0.50 ai=Stage2CombatState clones=2 active=True hp=500 pos=79.92,-88.45
26.59 Idle clip=WaterSpirit_Idle_S2 nt=0.00 ai=Stage2CombatState clones=2 active=True hp=500 pos=79.92,-88.45
27.59 Idle clip=WaterSpirit_Idle_S2 nt=0.48 ai=Stage2CombatState clones=2 active=True hp=500 pos=79.92,-88.45
28.62 Idle clip=WaterSpirit_Idle_S2 nt=0.97 ai=Stage2CombatState clones=2 active=True hp=500 pos=79.92,-88.45
