21.53 BOSS#-3500 Idle[WaterSpirit_Idle_S1 nt=10.34] Move=0 Groggy=0 ai=IdleState active=True v=0.0 hv=0 chg=0
193.36 BOSS#-3500 Idle[WaterSpirit_Idle_S1 nt=92.81] Move=0 Groggy=0 ai=ChaseState active=True v=0.0 hv=0 chg=0
193.38 BOSS#-3500 Move[WaterSpirit_Move_S1 nt=0.00] Move=1 Groggy=0 ai=ChaseState active=True v=3.0 hv=0 chg=0
194.58 BOSS#-3500 Idle[WaterSpirit_Idle_S1 nt=0.00] Move=0 Groggy=0 ai=SpiritCombatState active=True v=0.0 hv=0 chg=0
194.60 BOSS#-3500 Ranged[WaterSpirit_Ranged_S1 nt=0.00] Move=0 Groggy=0 ai=SpiritCombatState active=True v=0.0 hv=0 chg=0
196.69 BOSS#-3500 Idle[WaterSpirit_Idle_S1 nt=0.00] Move=0 Groggy=0 ai=SpiritCombatState active=True v=0.0 hv=0 chg=0
197.12 BOSS#-3500 Idle[WaterSpirit_Idle_S1 nt=0.21] Move=0 Groggy=0 ai=ChaseState active=True v=0.0 hv=0 chg=0
197.13 BOSS#-3500 Move[WaterSpirit_Move_S1 nt=0.00] Move=1 Groggy=0 ai=ChaseState active=True v=3.0 hv=0 chg=0
198.34 BOSS#-3500 Idle[WaterSpirit_Idle_S1 nt=0.00] Move=0 Groggy=0 ai=SpiritCombatState active=True v=0.0 hv=0 chg=0
198.35 BOSS#-3500 Charge[WaterSpirit_Charge_S1 nt=0.00] Move=0 Groggy=0 ai=SpiritCombatState active=True v=0.0 hv=0 chg=0
198.85 BOSS#-3500 Charge[WaterSpirit_Charge_S1 nt=0.46] Move=0 Groggy=0 ai=SpiritCombatState active=True v=12.0 hv=0 chg=1
198.86 BOSS#-3500 Charge[WaterSpirit_Charge_S1 nt=0.47] Move=1 Groggy=0 ai=SpiritCombatState active=True v=12.0 hv=0 chg=1
199.44 BOSS#-3500 Idle[WaterSpirit_Idle_S1 nt=0.00] Move=1 Groggy=0 ai=SpiritCombatState active=True v=12.0 hv=0 chg=1
199.45 BOSS#-3500 Move[WaterSpirit_Move_S1 nt=0.00] Move=1 Groggy=0 ai=SpiritCombatState active=True v=12.0 hv=0 chg=1
199.49 BOSS#-3500 Move[WaterSpirit_Move_S1 nt=0.04] Move=1 Groggy=0 ai=SpiritCombatState active=True v=0.0 hv=0 chg=0
199.50 BOSS#-3500 Idle[WaterSpirit_Idle_S1 nt=0.00] Move=0 Groggy=0 ai=SpiritCombatState active=True v=0.0 hv=0 chg=0
203.86 BOSS#-3500 Repel[WaterSpirit_Repel_S1 nt=0.00] Move=0 Groggy=0 ai=SpiritCombatState active=True v=0.0 hv=0 chg=0
205.37 BOSS#-3500 Ranged[WaterSpirit_Ranged_S1 nt=0.00] Move=0 Groggy=0 ai=SpiritCombatState active=True v=0.0 hv=0 chg=0
207.45 BOSS#-3500 Idle[WaterSpirit_Idle_S1 nt=0.00] Move=0 Groggy=0 ai=SpiritCombatState active=True v=0.0 hv=0 chg=0
207.88 BOSS#-3500 Idle[WaterSpirit_Idle_S1 nt=0.20] Move=0 Groggy=0 ai=ChaseState active=True v=0.0 hv=0 chg=0
207.89 BOSS#-3500 Move[WaterSpirit_Move_S1 nt=0.00] Move=1 Groggy=0 ai=ChaseState active=True v=3.0 hv=0 chg=0
209.10 BOSS#-3500 Idle[WaterSpirit_Idle_S1 nt=0.00] Move=0 Groggy=0 ai=SpiritCombatState active=True v=0.0 hv=0 chg=0
209.12 BOSS#-3500 Ranged[WaterSpirit_Ranged_S1 nt=0.00] Move=0 Groggy=0 ai=SpiritCombatState active=True v=0.0 hv=0 chg=0
211.21 BOSS#-3500 Idle[WaterSpirit_Idle_S1 nt=0.00] Move=0 Groggy=0 ai=SpiritCombatState active=True v=0.0 hv=0 chg=0
211.62 BOSS#-3500 Idle[WaterSpirit_Idle_S1 nt=0.20] Move=0 Groggy=0 ai=ChaseState active=True v=0.0 hv=0 chg=0
211.63 BOSS#-3500 Move[WaterSpirit_Move_S1 nt=0.00] Move=1 Groggy=0 ai=ChaseState active=True v=3.0 hv=0 chg=0
212.85 BOSS#-3500 Idle[WaterSpirit_Idle_S1 nt=0.00] Move=0 Groggy=0 ai=SpiritCombatState active=True v=0.0 hv=0 chg=0
212.86 BOSS#-3500 Charge[WaterSpirit_Charge_S1 nt=0.00] Move=0 Groggy=0 ai=SpiritCombatState active=True v=0.0 hv=0 chg=0
213.37 BOSS#-3500 Charge[WaterSpirit_Charge_S1 nt=0.47] Move=0 Groggy=0 ai=SpiritCombatState active=True v=12.0 hv=0 chg=1
213.38 BOSS#-3500 Charge[WaterSpirit_Charge_S1 nt=0.48] Move=1 Groggy=0 ai=SpiritCombatState active=True v=12.0 hv=0 chg=1
213.83 BOSS#-3500 Charge[WaterSpirit_Charge_S1 nt=0.89] Move=1 Groggy=0 ai=SpiritCombatState active=True v=0.0 hv=0 chg=0
213.84 BOSS#-3500 Charge[WaterSpirit_Charge_S1 nt=0.90] Move=0 Groggy=0 ai=SpiritCombatState active=True v=0.0 hv=0 chg=0
213.95 BOSS#-3500 Idle[WaterSpirit_Idle_S1 nt=0.00] Move=0 Groggy=0 ai=SpiritCombatState active=True v=0.0 hv=0 chg=0
215.87 BOSS#-3500 Ranged[WaterSpirit_Ranged_S1 nt=0.00] Move=0 Groggy=0 ai=SpiritCombatState active=True v=0.0 hv=0 chg=0
217.96 BOSS#-3500 Idle[WaterSpirit_Idle_S1 nt=0.00] Move=0 Groggy=0 ai=SpiritCombatState active=True v=0.0 hv=0 chg=0
218.38 BOSS#-3500 Idle[WaterSpirit_Idle_S1 nt=0.20] Move=0 Groggy=0 ai=ChaseState active=True v=0.0 hv=0 chg=0
218.39 BOSS#-3500 Move[WaterSpirit_Move_S1 nt=0.00] Move=1 Groggy=0 ai=ChaseState active=True v=3.0 hv=0 chg=0
219.60 BOSS#-3500 Idle[WaterSpirit_Idle_S1 nt=0.00] Move=0 Groggy=0 ai=SpiritCombatState active=True v=0.0 hv=0 chg=0
219.63 BOSS#-3500 Ranged[WaterSpirit_Ranged_S1 nt=0.00] Move=0 Groggy=0 ai=SpiritCombatState active=True v=0.0 hv=0 chg=0
221.75 BOSS#-3500 Idle[WaterSpirit_Idle_S1 nt=0.02] Move=0 Groggy=0 ai=SpiritCombatState active=True v=0.0 hv=0 chg=0
222.14 BOSS#-3500 Idle[WaterSpirit_Idle_S1 nt=0.20] Move=0 Groggy=0 ai=ChaseState active=True v=0.0 hv=0 chg=0
222.16 BOSS#-3500 Move[WaterSpirit_Move_S1 nt=0.00] Move=1 Groggy=0 ai=ChaseState active=True v=3.0 hv=0 chg=0
223.37 BOSS#-3500 Idle[WaterSpirit_Idle_S1 nt=0.00] Move=0 Groggy=0 ai=SpiritCombatState active=True v=0.0 hv=0 chg=0
223.39 BOSS#-3500 Ranged[WaterSpirit_Ranged_S1 nt=0.00] Move=0 Groggy=0 ai=SpiritCombatState active=True v=0.0 hv=0 chg=0
225.48 BOSS#-3500 Idle[WaterSpirit_Idle_S1 nt=0.01] Move=0 Groggy=0 ai=SpiritCombatState active=True v=0.0 hv=0 chg=0
225.89 BOSS#-3500 Idle[WaterSpirit_Idle_S1 nt=0.20] Move=0 Groggy=0 ai=ChaseState active=True v=0.0 hv=0 chg=0
225.90 BOSS#-3500 Move[WaterSpirit_Move_S1 nt=0.00] Move=1 Groggy=0 ai=ChaseState active=True v=3.0 hv=0 chg=0
227.14 BOSS#-3500 Idle[WaterSpirit_Idle_S1 nt=0.00] Move=0 Groggy=0 ai=SpiritCombatState active=True v=0.0 hv=0 chg=0
227.15 BOSS#-3500 Charge[WaterSpirit_Charge_S1 nt=0.00] Move=0 Groggy=0 ai=SpiritCombatState active=True v=0.0 hv=0 chg=0
227.66 BOSS#-3500 Charge[WaterSpirit_Charge_S1 nt=0.47] Move=0 Groggy=0 ai=SpiritCombatState active=True v=12.0 hv=0 chg=1
227.67 BOSS#-3500 Charge[WaterSpirit_Charge_S1 nt=0.48] Move=1 Groggy=0 ai=SpiritCombatState active=True v=12.0 hv=0 chg=1
228.08 BOSS#-3500 Charge[WaterSpirit_Charge_S1 nt=0.86] Move=1 Groggy=0 ai=SpiritCombatState active=True v=0.0 hv=0 chg=0
228.10 BOSS#-3500 Charge[WaterSpirit_Charge_S1 nt=0.87] Move=0 Groggy=0 ai=SpiritCombatState active=True v=0.0 hv=0 chg=0
228.25 BOSS#-3500 Idle[WaterSpirit_Idle_S1 nt=0.01] Move=0 Groggy=0 ai=SpiritCombatState active=True v=0.0 hv=0 chg=0
232.68 BOSS#-3500 Repel[WaterSpirit_Repel_S1 nt=0.00] Move=0 Groggy=0 ai=SpiritCombatState active=True v=0.0 hv=0 chg=0
234.21 BOSS#-3500 Ranged[WaterSpirit_Ranged_S1 nt=0.00] Move=0 Groggy=0 ai=SpiritCombatState active=True v=0.0 hv=0 chg=0
236.30 BOSS#-3500 Idle[WaterSpirit_Idle_S1 nt=0.00] Move=0 Groggy=0 ai=SpiritCombatState active=True v=0.0 hv=0 chg=0
236.72 BOSS#-3500 Idle[WaterSpirit_Idle_S1 nt=0.21] Move=0 Groggy=0 ai=ChaseState active=True v=0.0 hv=0 chg=0
236.74 BOSS#-3500 Move[WaterSpirit_Move_S1 nt=0.00] Move=1 Groggy=0 ai=ChaseState active=True v=3.0 hv=0 chg=0
237.94 BOSS#-3500 Idle[WaterSpirit_Idle_S1 nt=0.00] Move=0 Groggy=0 ai=SpiritCombatState active=True v=0.0 hv=0 chg=0
237.95 BOSS#-3500 Ranged[WaterSpirit_Ranged_S1 nt=0.00] Move=0 Groggy=0 ai=SpiritCombatState active=True v=0.0 hv=0 chg=0
240.04 BOSS#-3500 Idle[WaterSpirit_Idle_S1 nt=0.00] Move=0 Groggy=0 ai=SpiritCombatState active=True v=0.0 hv=0 chg=0
240.45 BOSS#-3500 Idle[WaterSpirit_Idle_S1 nt=0.20] Move=0 Groggy=0 ai=ChaseState active=True v=0.0 hv=0 chg=0
240.46 BOSS#-3500 Move[WaterSpirit_Move_S1 nt=0.00] Move=1 Groggy=0 ai=ChaseState active=True v=3.0 hv=0 chg=0
241.68 BOSS#-3500 Idle[WaterSpirit_Idle_S1 nt=0.00] Move=0 Groggy=0 ai=SpiritCombatState active=True v=0.0 hv=0 chg=0
241.69 BOSS#-3500 Ranged[WaterSpirit_Ranged_S1 nt=0.00] Move=0 Groggy=0 ai=SpiritCombatState active=True v=0.0 hv=0 chg=0
243.79 BOSS#-3500 Idle[WaterSpirit_Idle_S1 nt=0.00] Move=0 Groggy=0 ai=SpiritCombatState active=True v=0.0 hv=0 chg=0
244.20 BOSS#-3500 Idle[WaterSpirit_Idle_S1 nt=0.20] Move=0 Groggy=0 ai=ChaseState active=True v=0.0 hv=0 chg=0
244.21 BOSS#-3500 Move[WaterSpirit_Move_S1 nt=0.00] Move=1 Groggy=0 ai=ChaseState active=True v=3.0 hv=0 chg=0
245.44 BOSS#-3500 Idle[WaterSpirit_Idle_S1 nt=0.00] Move=0 Groggy=0 ai=SpiritCombatState active=True v=0.0 hv=0 chg=0
245.45 BOSS#-3500 Ranged[WaterSpirit_Ranged_S1 nt=0.00] Move=0 Groggy=0 ai=SpiritCombatState active=True v=0.0 hv=0 chg=0
247.54 BOSS#-3500 Idle[WaterSpirit_Idle_S1 nt=0.00] Move=0 Groggy=0 ai=SpiritCombatState active=True v=0.0 hv=0 chg=0
247.96 BOSS#-3500 Idle[WaterSpirit_Idle_S1 nt=0.20] Move=0 Groggy=0 ai=ChaseState active=True v=0.0 hv=0 chg=0
247.97 BOSS#-3500 Move[WaterSpirit_Move_S1 nt=0.00] Move=1 Groggy=0 ai=ChaseState active=True v=3.0 hv=0 chg=0
249.19 BOSS#-3500 Idle[WaterSpirit_Idle_S1 nt=0.00] Move=0 Groggy=0 ai=SpiritCombatState active=True v=0.0 hv=0 chg=0
249.20 BOSS#-3500 Charge[WaterSpirit_Charge_S1 nt=0.00] Move=0 Groggy=0 ai=SpiritCombatState active=True v=0.0 hv=0 chg=0
249.70 BOSS#-3500 Charge[WaterSpirit_Charge_S1 nt=0.46] Move=0 Groggy=0 ai=SpiritCombatState active=True v=12.0 hv=0 chg=1
249.71 BOSS#-3500 Charge[WaterSpirit_Charge_S1 nt=0.47] Move=1 Groggy=0 ai=SpiritCombatState active=True v=12.0 hv=0 chg=1
250.14 BOSS#-3500 Charge[WaterSpirit_Charge_S1 nt=0.87] Move=1 Groggy=0 ai=SpiritCombatState active=True v=0.0 hv=0 chg=0
250.15 BOSS#-3500 Charge[WaterSpirit_Charge_S1 nt=0.88] Move=0 Groggy=0 ai=SpiritCombatState active=True v=0.0 hv=0 chg=0
250.28 BOSS#-3500 Idle[WaterSpirit_Idle_S1 nt=0.00] Move=0 Groggy=0 ai=SpiritCombatState active=True v=0.0 hv=0 chg=0
252.20 BOSS#-3500 Ranged[WaterSpirit_Ranged_S1 nt=0.00] Move=0 Groggy=0 ai=SpiritCombatState active=True v=0.0 hv=0 chg=0
254.29 BOSS#-3500 Idle[WaterSpirit_Idle_S1 nt=0.00] Move=0 Groggy=0 ai=SpiritCombatState active=True v=0.0 hv=0 chg=0
254.70 BOSS#-3500 Idle[WaterSpirit_Idle_S1 nt=0.20] Move=0 Groggy=0 ai=ChaseState active=True v=0.0 hv=0 chg=0
254.72 BOSS#-3500 Move[WaterSpirit_Move_S1 nt=0.00] Move=1 Groggy=0 ai=ChaseState active=True v=3.0 hv=0 chg=0
255.92 BOSS#-3500 Idle[WaterSpirit_Idle_S1 nt=0.00] Move=0 Groggy=0 ai=SpiritCombatState active=True v=0.0 hv=0 chg=0
255.93 BOSS#-3500 Charge[WaterSpirit_Charge_S1 nt=0.00] Move=0 Groggy=0 ai=SpiritCombatState active=True v=0.0 hv=0 chg=0
256.43 BOSS#-3500 Charge[WaterSpirit_Charge_S1 nt=0.46] Move=0 Groggy=0 ai=SpiritCombatState active=True v=12.0 hv=0 chg=1
256.44 BOSS#-3500 Charge[WaterSpirit_Charge_S1 nt=0.47] Move=1 Groggy=0 ai=SpiritCombatState active=True v=12.0 hv=0 chg=1
256.88 BOSS#-3500 Charge[WaterSpirit_Charge_S1 nt=0.88] Move=1 Groggy=0 ai=SpiritCombatState active=True v=0.0 hv=0 chg=0
256.90 BOSS#-3500 Charge[WaterSpirit_Charge_S1 nt=0.89] Move=0 Groggy=0 ai=SpiritCombatState active=True v=0.0 hv=0 chg=0
257.03 BOSS#-3500 Idle[WaterSpirit_Idle_S1 nt=0.00] Move=0 Groggy=0 ai=SpiritCombatState active=True v=0.0 hv=0 chg=0
258.93 BOSS#-3500 Ranged[WaterSpirit_Ranged_S1 nt=0.00] Move=0 Groggy=0 ai=SpiritCombatState active=True v=0.0 hv=0 chg=0
261.03 BOSS#-3500 Idle[WaterSpirit_Idle_S1 nt=0.00] Move=0 Groggy=0 ai=SpiritCombatState active=True v=0.0 hv=0 chg=0
261.44 BOSS#-3500 Idle[WaterSpirit_Idle_S1 nt=0.20] Move=0 Groggy=0 ai=ChaseState active=True v=0.0 hv=0 chg=0
261.45 BOSS#-3500 Move[WaterSpirit_Move_S1 nt=0.00] Move=1 Groggy=0 ai=ChaseState active=True v=3.0 hv=0 chg=0
262.66 BOSS#-3500 Idle[WaterSpirit_Idle_S1 nt=0.00] Move=0 Groggy=0 ai=SpiritCombatState active=True v=0.0 hv=0 chg=0
262.68 BOSS#-3500 Charge[WaterSpirit_Charge_S1 nt=0.00] Move=0 Groggy=0 ai=SpiritCombatState active=True v=0.0 hv=0 chg=0
263.18 BOSS#-3500 Charge[WaterSpirit_Charge_S1 nt=0.46] Move=0 Groggy=0 ai=SpiritCombatState active=True v=12.0 hv=0 chg=1
263.19 BOSS#-3500 Charge[WaterSpirit_Charge_S1 nt=0.48] Move=1 Groggy=0 ai=SpiritCombatState active=True v=12.0 hv=0 chg=1
263.59 BOSS#-3500 Charge[WaterSpirit_Charge_S1 nt=0.84] Move=1 Groggy=0 ai=SpiritCombatState active=True v=0.0 hv=0 chg=0
263.60 BOSS#-3500 Charge[WaterSpirit_Charge_S1 nt=0.86] Move=0 Groggy=0 ai=SpiritCombatState active=True v=0.0 hv=0 chg=0
263.77 BOSS#-3500 Idle[WaterSpirit_Idle_S1 nt=0.01] Move=0 Groggy=0 ai=SpiritCombatState active=True v=0.0 hv=0 chg=0
265.68 BOSS#-3500 Ranged[WaterSpirit_Ranged_S1 nt=0.00] Move=0 Groggy=0 ai=SpiritCombatState active=True v=0.0 hv=0 chg=0
267.77 BOSS#-3500 Idle[WaterSpirit_Idle_S1 nt=0.00] Move=0 Groggy=0 ai=SpiritCombatState active=True v=0.0 hv=0 chg=0
268.19 BOSS#-3500 Idle[WaterSpirit_Idle_S1 nt=0.20] Move=0 Groggy=0 ai=ChaseState active=True v=0.0 hv=0 chg=0
268.20 BOSS#-3500 Move[WaterSpirit_Move_S1 nt=0.00] Move=1 Groggy=0 ai=ChaseState active=True v=3.0 hv=0 chg=0
269.42 BOSS#-3500 Idle[WaterSpirit_Idle_S1 nt=0.00] Move=0 Groggy=0 ai=SpiritCombatState active=True v=0.0 hv=0 chg=0
271.93 BOSS#-3500 Repel[WaterSpirit_Repel_S1 nt=0.00] Move=0 Groggy=0 ai=SpiritCombatState active=True v=0.0 hv=0 chg=0
273.52 BOSS#-3500 Idle[WaterSpirit_Idle_S1 nt=0.00] Move=0 Groggy=0 ai=SpiritCombatState active=True v=0.0 hv=0 chg=0
275.94 BOSS#-3500 Repel[WaterSpirit_Repel_S1 nt=0.00] Move=0 Groggy=0 ai=SpiritCombatState active=True v=0.0 hv=0 chg=0
277.45 BOSS#-3500 Ranged[WaterSpirit_Ranged_S1 nt=0.00] Move=0 Groggy=0 ai=SpiritCombatState active=True v=0.0 hv=0 chg=0
279.53 BOSS#-3500 Idle[WaterSpirit_Idle_S1 nt=0.00] Move=0 Groggy=0 ai=SpiritCombatState active=True v=0.0 hv=0 chg=0
279.95 BOSS#-3500 Idle[WaterSpirit_Idle_S1 nt=0.20] Move=0 Groggy=0 ai=ChaseState active=True v=0.0 hv=0 chg=0
279.96 BOSS#-3500 Move[WaterSpirit_Move_S1 nt=0.00] Move=1 Groggy=0 ai=ChaseState active=True v=3.0 hv=0 chg=0
281.18 BOSS#-3500 Idle[WaterSpirit_Idle_S1 nt=0.00] Move=0 Groggy=0 ai=SpiritCombatState active=True v=0.0 hv=0 chg=0
281.20 BOSS#-3500 Charge[WaterSpirit_Charge_S1 nt=0.00] Move=0 Groggy=0 ai=SpiritCombatState active=True v=0.0 hv=0 chg=0
281.70 BOSS#-3500 Charge[WaterSpirit_Charge_S1 nt=0.47] Move=0 Groggy=0 ai=SpiritCombatState active=True v=12.0 hv=0 chg=1
281.72 BOSS#-3500 Charge[WaterSpirit_Charge_S1 nt=0.48] Move=1 Groggy=0 ai=SpiritCombatState active=True v=12.0 hv=0 chg=1
282.24 BOSS#-3500 Charge[WaterSpirit_Charge_S1 nt=0.97] Move=1 Groggy=0 ai=SpiritCombatState active=True v=0.0 hv=0 chg=0
282.26 BOSS#-3500 Charge[WaterSpirit_Charge_S1 nt=0.98] Move=0 Groggy=0 ai=SpiritCombatState active=True v=0.0 hv=0 chg=0
282.28 BOSS#-3500 Idle[WaterSpirit_Idle_S1 nt=0.00] Move=0 Groggy=0 ai=SpiritCombatState active=True v=0.0 hv=0 chg=0
284.21 BOSS#-3500 Ranged[WaterSpirit_Ranged_S1 nt=0.00] Move=0 Groggy=0 ai=SpiritCombatState active=True v=0.0 hv=0 chg=0
286.30 BOSS#-3500 Idle[WaterSpirit_Idle_S1 nt=0.00] Move=0 Groggy=0 ai=SpiritCombatState active=True v=0.0 hv=0 chg=0
286.72 BOSS#-3500 Idle[WaterSpirit_Idle_S1 nt=0.20] Move=0 Groggy=0 ai=ChaseState active=True v=0.0 hv=0 chg=0
286.73 BOSS#-3500 Move[WaterSpirit_Move_S1 nt=0.00] Move=1 Groggy=0 ai=ChaseState active=True v=3.0 hv=0 chg=0
287.95 BOSS#-3500 Idle[WaterSpirit_Idle_S1 nt=0.00] Move=0 Groggy=0 ai=SpiritCombatState active=True v=0.0 hv=0 chg=0
287.96 BOSS#-3500 Charge[WaterSpirit_Charge_S1 nt=0.00] Move=0 Groggy=0 ai=SpiritCombatState active=True v=0.0 hv=0 chg=0
288.46 BOSS#-3500 Charge[WaterSpirit_Charge_S1 nt=0.46] Move=0 Groggy=0 ai=SpiritCombatState active=True v=12.0 hv=0 chg=1
288.47 BOSS#-3500 Charge[WaterSpirit_Charge_S1 nt=0.47] Move=1 Groggy=0 ai=SpiritCombatState active=True v=12.0 hv=0 chg=1
288.92 BOSS#-3500 Charge[WaterSpirit_Charge_S1 nt=0.89] Move=1 Groggy=0 ai=SpiritCombatState active=True v=0.0 hv=0 chg=0
288.93 BOSS#-3500 Charge[WaterSpirit_Charge_S1 nt=0.90] Move=0 Groggy=0 ai=SpiritCombatState active=True v=0.0 hv=0 chg=0
289.04 BOSS#-3500 Idle[WaterSpirit_Idle_S1 nt=0.00] Move=0 Groggy=0 ai=SpiritCombatState active=True v=0.0 hv=0 chg=0
293.47 BOSS#-3500 Repel[WaterSpirit_Repel_S1 nt=0.00] Move=0 Groggy=0 ai=SpiritCombatState active=True v=0.0 hv=0 chg=0
295.06 BOSS#-3500 Idle[WaterSpirit_Idle_S1 nt=0.00] Move=0 Groggy=0 ai=SpiritCombatState active=True v=0.0 hv=0 chg=0
